// Jest Snapshot v1, https://goo.gl/fbAQLP

exports[`PlayerInfo renders 1`] = `
<DocumentFragment>
  <script>
    (function() { try {
  var mode = localStorage.getItem('theme-ui-color-mode');
  if (!mode) return
  document.documentElement.classList.add('theme-ui-' + mode);
} catch (e) {} })();
  </script>
  <div
    class="css-qznt7n-Box"
  >
    <span
      class="css-2vsnqm-Box"
    />
    <div
      class="css-p1luab-Box"
    />
  </div>
</DocumentFragment>
`;
