// Jest Snapshot v1, https://goo.gl/fbAQLP

exports[`Background renders 1`] = `
<DocumentFragment>
  <script>
    (function() { try {
  var mode = localStorage.getItem('theme-ui-color-mode');
  if (!mode) return
  document.documentElement.classList.add('theme-ui-' + mode);
} catch (e) {} })();
  </script>
  <div
    class="css-1sw3884-Box"
  />
</DocumentFragment>
`;
