// Jest Snapshot v1, https://goo.gl/fbAQLP

exports[`Star renders 1`] = `
<DocumentFragment>
  <script>
    (function() { try {
  var mode = localStorage.getItem('theme-ui-color-mode');
  if (!mode) return
  document.documentElement.classList.add('theme-ui-' + mode);
} catch (e) {} })();
  </script>
  <div
    class="css-19lui7g-Box"
    title="star"
  >
    <div
      class="css-xeos2n-Box"
    >
      <svg
        height="95.10545014740343%"
        style="will-change: transform; shape-rendering: crispEdges;"
        version="1.1"
        viewBox="0 0 26.458 25.163"
        width="100%"
        xmlns="http://www.w3.org/2000/svg"
      >
        <path
          d="m-42.235 84.622-11.167-34.625-36.381 0.07952 29.48-21.32-11.318-34.576 29.386 21.449 29.386-21.449-11.318 34.576 29.48 21.32-36.381-0.079517z"
          fill="var(--theme-ui-colors-star)"
          stop-color="#000000"
          stroke-linecap="round"
          stroke-linejoin="round"
          stroke-width="2.5159"
          transform="matrix(-.27823 0 0 -.27823 1.4781 23.544)"
        />
      </svg>
    </div>
  </div>
</DocumentFragment>
`;
