// Jest Snapshot v1, https://goo.gl/fbAQLP

exports[`Button renders 1`] = `
<DocumentFragment>
  <script>
    (function() { try {
  var mode = localStorage.getItem('theme-ui-color-mode');
  if (!mode) return
  document.documentElement.classList.add('theme-ui-' + mode);
} catch (e) {} })();
  </script>
  <button
    class="css-4qfqhp-Box"
  >
    Hello World
  </button>
</DocumentFragment>
`;
