// Jest Snapshot v1, https://goo.gl/fbAQLP

exports[`TitleWithBall renders 1`] = `
<DocumentFragment>
  <script>
    (function() { try {
  var mode = localStorage.getItem('theme-ui-color-mode');
  if (!mode) return
  document.documentElement.classList.add('theme-ui-' + mode);
} catch (e) {} })();
  </script>
  <div
    class="css-1vj68q-Box"
  >
    <div
      class="css-x01a4x-Box"
    >
      <svg
        height="100%"
        style="filter: drop-shadow(rgba(0, 0, 0, 0.25) 0px 4px 4px);"
        version="1.1"
        viewBox="0 0 200 200"
        width="100%"
        xmlns="http://www.w3.org/2000/svg"
      >
        <g
          stroke-linecap="round"
          stroke-linejoin="round"
          stroke-width=".7"
          transform="translate(-4.612 -47.502)"
        >
          <path
            d="m104.61 47.502a100 100 0 0 0-100 100h200a100 100 0 0 0-100-100z"
            fill="var(--theme-ui-colors-ball-active-top)"
            stop-color="#000000"
          />
          <path
            d="m104.61 247.5a100 100 0 0 0 100-100h-200a100 100 0 0 0 100 100z"
            fill="var(--theme-ui-colors-ball-active-bottom)"
            stop-color="#000000"
          />
        </g>
      </svg>
    </div>
    <div
      class="css-jgcf2z-Box"
    >
      <div
        class="css-wimkxn-Box"
      >
        <h1
          class="css-1kdz7xw-Box"
        />
      </div>
    </div>
  </div>
</DocumentFragment>
`;
