// Jest Snapshot v1, https://goo.gl/fbAQLP

exports[`NamePropDisplay renders 1`] = `
<DocumentFragment>
  <script>
    (function() { try {
  var mode = localStorage.getItem('theme-ui-color-mode');
  if (!mode) return
  document.documentElement.classList.add('theme-ui-' + mode);
} catch (e) {} })();
  </script>
  <div
    class="css-1eqdum8-Box"
  >
    <h1
      class="css-njhccr-Box"
    />
    <h2
      class="css-njhccr-Box"
    >
      A
    </h2>
  </div>
</DocumentFragment>
`;
